[2026-05-05T08:01:45.182Z] INFO: AI Telegram Bot Server Running on port http://localhost:3000
{"level":"info","message":"AI Telegram Bot Server Running on port http://localhost:3000","timestamp":"2026-05-05T08:02:50.084Z"}
{"level":"info","message":"AI Telegram Bot Server Running on port http://localhost:3000","timestamp":"2026-05-05T08:03:10.506Z"}
{"level":"info","message":"AI Telegram Bot Server Running on port http://localhost:3000","timestamp":"2026-05-05T08:03:14.687Z"}
{"level":"info","message":"AI Telegram Bot Server Running on port http://localhost:3000","timestamp":"2026-05-05T08:03:49.448Z"}
{"level":"info","message":"AI Telegram Bot Server Running on port http://localhost:3000","timestamp":"2026-05-05T08:04:06.207Z"}
{"level":"info","message":"AI Telegram Bot Server Running on port http://localhost:3000","timestamp":"2026-05-05T08:04:16.436Z"}
{"level":"info","message":"AI Telegram Bot Server Running on port http://localhost:3000","timestamp":"2026-05-05T08:04:22.799Z"}
{"level":"info","message":"AI Telegram Bot Server Running on port http://localhost:3000","timestamp":"2026-05-05T08:10:44.537Z"}
{"level":"info","message":"AI Telegram Bot Server Running on port http://localhost:3000","timestamp":"2026-05-05T08:10:47.672Z"}
{"level":"info","message":"AI Telegram Bot Server Running on port http://localhost:3000","timestamp":"2026-05-05T08:10:52.335Z"}
{"level":"info","message":"\u001b[38;2;0;255;136mAI Telegram Bot Server Running on port http://localhost:, 3000\u001b[39m","timestamp":"2026-05-05T08:10:56.354Z"}
{"level":"info","message":"","timestamp":"2026-05-05T08:11:01.062Z"}
{"level":"info","message":"\u001b[38;2;0;255;136mAI Telegram Bot Server Running on port http://localhost:3000\u001b[39m","timestamp":"2026-05-05T08:11:01.872Z"}
{"level":"info","message":"\u001b[38;2;1;255;136mAI Telegram Bot Server Running on port http://localhost:3000\u001b[39m","timestamp":"2026-05-05T08:11:12.284Z"}
{"level":"info","message":"\u001b[38;2;1;255;136mAI Telegram Bot Server Running on port http://localhost:3000\u001b[39m","timestamp":"2026-05-05T08:11:14.889Z"}
{"level":"info","message":"\u001b[38;2;0;17;255mAI Telegram Bot Server Running on port http://localhost:3000\u001b[39m","timestamp":"2026-05-05T08:11:16.243Z"}
{"level":"info","message":"\u001b[38;2;0;34;255mAI Telegram Bot Server Running on port http://localhost:3000\u001b[39m","timestamp":"2026-05-05T08:11:20.906Z"}
{"level":"info","message":"\u001b[38;2;0;17;255mAI Telegram Bot Server Running on port http://localhost:3000\u001b[39m","timestamp":"2026-05-05T08:11:23.273Z"}
{"level":"info","message":"\u001b[38;2;255;136;136mAI Telegram Bot Server Running on port http://localhost:3000\u001b[39m","timestamp":"2026-05-05T08:11:28.518Z"}
{"level":"info","message":"\u001b[38;2;255;136;136mAI Telegram Bot Server Running on port http://localhost:3000\u001b[39m","timestamp":"2026-05-05T08:11:31.935Z"}
{"level":"info","message":"\u001b[38;2;0;17;255mAI Telegram Bot Server Running on port http://localhost:3000\u001b[39m","timestamp":"2026-05-05T08:11:34.189Z"}
{"level":"info","message":"\u001b[38;2;255;136;136mAI Telegram Bot Server Running on port http://localhost:3000\u001b[39m","timestamp":"2026-05-05T08:11:35.394Z"}
{"level":"info","message":"\u001b[38;2;0;17;255mAI Telegram Bot Server Running on port http://localhost:3000\u001b[39m","timestamp":"2026-05-05T08:11:38.720Z"}
{"level":"info","message":"\u001b[38;2;1;255;136mAI Telegram Bot Server Running on port http://localhost:3000\u001b[39m","timestamp":"2026-05-05T08:11:41.303Z"}
{"level":"info","message":"\u001b[38;2;1;255;255mAI Telegram Bot Server Running on port http://localhost:3000\u001b[39m","timestamp":"2026-05-05T08:11:42.966Z"}
{"level":"info","message":"\u001b[38;2;0;17;255mAI Telegram Bot Server Running on port http://localhost:3000\u001b[39m","timestamp":"2026-05-05T08:11:47.679Z"}
{"level":"info","message":"\u001b[38;2;0;255;255mAI Telegram Bot Server Running on port http://localhost:3000\u001b[39m","timestamp":"2026-05-05T08:11:50.607Z"}
{"level":"info","message":"\u001b[38;2;0;255;255mAI Telegram Bot Server Running on port http://localhost:3000\u001b[39m","timestamp":"2026-05-05T08:11:58.133Z"}
{"level":"info","message":"\u001b[38;2;0;255;255mAI Telegram Bot Server Running on port http://localhost:3000\u001b[39m","timestamp":"2026-05-05T08:14:27.036Z"}
{"level":"info","message":"\u001b[38;2;0;255;255mAI Telegram Bot Server Running on port http://localhost:3000\u001b[39m","timestamp":"2026-05-05T08:14:53.292Z"}
{"level":"info","message":"\u001b[38;2;0;255;255mAI Telegram Bot Server Running on port http://localhost:3000\u001b[39m","timestamp":"2026-05-05T08:14:57.767Z"}
{"level":"info","message":"\u001b[38;2;0;255;255mAI Telegram Bot Server Running on port http://localhost:3000\u001b[39m","timestamp":"2026-05-05T08:15:00.832Z"}
{"level":"info","message":"\u001b[38;2;0;255;255mAI Telegram Bot Server Running on port http://localhost:3000\u001b[39m","timestamp":"2026-05-05T08:15:03.127Z"}
{"level":"info","message":"\u001b[38;2;0;255;255mAI Telegram Bot Server Running on port http://localhost:3000\u001b[39m","timestamp":"2026-05-05T08:15:05.629Z"}
{"level":"info","message":"\u001b[38;2;0;255;255mAI Telegram Bot Server Running on port http://localhost:3000\u001b[39m","timestamp":"2026-05-05T08:15:16.747Z"}
{"level":"info","message":"\u001b[38;2;0;255;255mAI Telegram Bot Server Running on port http://localhost:3000\u001b[39m","timestamp":"2026-05-05T08:15:19.642Z"}
{"level":"info","message":"\u001b[38;2;0;255;255mAI Telegram Bot Server Running on port http://localhost:3000\u001b[39m","timestamp":"2026-05-05T08:15:22.230Z"}
{"level":"info","message":"AI Telegram Bot Server Running on port http://localhost:3000","timestamp":"2026-05-05T08:15:39.659Z"}
{"level":"info","message":"AI Telegram Bot Server Running on port http://localhost:3000","timestamp":"2026-05-05T08:15:53.031Z"}
{"level":"info","message":"AI Telegram Bot Server Running on port http://localhost:3000","timestamp":"2026-05-05T08:16:10.033Z"}
